main.c:67:6:led1_test	8	static
main.c:70:6:led2_test	8	static
main.c:73:6:led3_test	8	static
main.c:78:6:LED_RED_test	8	static
main.c:83:6:LED_GREEN_test	8	static
main.c:87:6:HAL_UART_RxCpltCallback	16	static
main.c:99:6:uart_communication_task	8	static
main.c:102:6:lab4	8	static
main.c:116:5:main	32	static
main.c:186:6:SystemClock_Config	88	static
main.c:229:13:MX_ADC1_Init	24	static
main.c:274:13:MX_TIM2_Init	32	static
main.c:319:13:MX_USART2_UART_Init	8	static
main.c:352:13:MX_GPIO_Init	32	static
main.c:384:6:HAL_TIM_PeriodElapsedCallback	16	static
main.c:395:6:Error_Handler	4	static,ignoring_inline_asm
